// Jest Snapshot v1, https://goo.gl/fbAQLP

exports[`<Loader /> should match the Loader component snapshot 1`] = `
<div>
  <div
    class="Loader_Container"
  >
    <div
      class="Loader"
    >
      <div
        class="Circle"
      />
      <div
        class="Circle"
      />
      <div
        class="Circle"
      />
      <div
        class="Circle"
      />
      <div
        class="Circle"
      />
    </div>
  </div>
</div>
`;
