// Jest Snapshot v1, https://goo.gl/fbAQLP

exports[`<Hamburger /> should match the Hamburger component snapshot 1`] = `
<div>
  <span
    class="Hamburger"
  />
</div>
`;
